Map([<Rule '/static/<filename>' (OPTIONS, GET, HEAD) -> static>,
 <Rule '/api/auth/register/student' (POST, OPTIONS) -> auth_routes.studentregister>,
 <Rule '/api/auth/register/company' (POST, OPTIONS) -> auth_routes.companyregister>,
 <Rule '/api/auth/login' (POST, OPTIONS) -> auth_routes.login>,
 <Rule '/api/admin/stats' (OPTIONS, GET, HEAD) -> admin_routes.stats>,
 <Rule '/api/admin/companies' (OPTIONS, GET, HEAD) -> admin_routes.getallcompanies>,
 <Rule '/api/admin/company/<id>' (OPTIONS, GET, HEAD, PATCH) -> admin_routes.acompany>,
 <Rule '/api/admin/company/<id>/blacklist-status' (OPTIONS, PATCH) -> admin_routes.toggleblackliststatusofcompany>,
 <Rule '/api/admin/jobs' (OPTIONS, GET, HEAD) -> admin_routes.getalljobdrives>,
 <Rule '/api/admin/job/<id>' (OPTIONS, GET, HEAD, PATCH) -> admin_routes.ajobdrive>,
 <Rule '/api/admin/job/<id>/stats' (OPTIONS, GET, HEAD) -> admin_routes.jobstats>,
 <Rule '/api/admin/students' (OPTIONS, GET, HEAD) -> admin_routes.getallstudents>,
 <Rule '/api/admin/student/<id>' (OPTIONS, GET, HEAD, PATCH) -> admin_routes.astudent>,
 <Rule '/api/admin/applications' (OPTIONS, GET, HEAD) -> admin_routes.getallapplications>,
 <Rule '/api/admin/application/<id>' (OPTIONS, GET, HEAD) -> admin_routes.anapplications>,
 <Rule '/api/admin/student/<student_id>/applications' (OPTIONS, GET, HEAD) -> admin_routes.studentapplications>,
 <Rule '/api/admin/application/<app_id>/offer-letter' (OPTIONS, GET, HEAD) -> admin_routes.downloadofferletter>,
 <Rule '/api/admin/placement/<placement_id>/letter' (OPTIONS, GET, HEAD) -> admin_routes.downloadplacementletter>,
 <Rule '/api/admin/placements' (OPTIONS, GET, HEAD) -> admin_routes.getallplacements>,
 <Rule '/api/admin/student/<student_id>/resume' (OPTIONS, GET, HEAD) -> admin_routes.downloadstudentresume>,
 <Rule '/api/admin/trigger/interview-reminder' (POST, OPTIONS) -> admin_routes.triggerinterviewreminder>,
 <Rule '/api/admin/trigger/monthly-report' (POST, OPTIONS) -> admin_routes.triggermonthlyreport>,
 <Rule '/api/admin/task/<task_id>' (OPTIONS, GET, HEAD) -> admin_routes.taskresult>,
 <Rule '/api/company/profile' (OPTIONS, GET, HEAD, PATCH) -> company_routes.companyprofile>,
 <Rule '/api/company/stats' (OPTIONS, GET, HEAD) -> company_routes.companystats>,
 <Rule '/api/company/job' (POST, OPTIONS) -> company_routes.createajob>,
 <Rule '/api/company/job/<job_id>' (OPTIONS, GET, HEAD, PATCH) -> company_routes.ajob>,
 <Rule '/api/company/applications' (OPTIONS, GET, HEAD) -> company_routes.companyapplications>,
 <Rule '/api/company/job/<job_id>/applications' (OPTIONS, GET, HEAD) -> company_routes.jobapplications>,
 <Rule '/api/company/application/<app_id>' (OPTIONS, GET, HEAD, PATCH) -> company_routes.anapplication>,
 <Rule '/api/company/application/<app_id>/interview' (OPTIONS, PATCH) -> company_routes.applicationinterview>,
 <Rule '/api/company/placements' (OPTIONS, GET, HEAD) -> company_routes.companyplacements>,
 <Rule '/api/company/placement/<placement_id>' (OPTIONS, GET, HEAD) -> company_routes.aplacement>,
 <Rule '/api/company/application/<app_id>/offer-letter' (OPTIONS, GET, HEAD) -> company_routes.downloadofferletter>,
 <Rule '/api/company/placement/<student_id>/letter' (OPTIONS, GET, HEAD) -> company_routes.downloadplacementletter>,
 <Rule '/api/company/resume/<student_id>' (OPTIONS, GET, HEAD) -> company_routes.viewstudentresume>,
 <Rule '/api/company/report' (POST, OPTIONS) -> company_routes.triggermonthlyreport>,
 <Rule '/api/company/export/csv' (POST, OPTIONS) -> company_routes.exportcsv>,
 <Rule '/api/student/profile' (OPTIONS, GET, HEAD, PATCH) -> student_routes.astudent>,
 <Rule '/api/student/jobs' (OPTIONS, GET, HEAD) -> student_routes.getalljobs>,
 <Rule '/api/student/job/<job_id>' (OPTIONS, GET, HEAD) -> student_routes.getajob>,
 <Rule '/api/student/applications' (OPTIONS, GET, HEAD) -> student_routes.getallapplication>,
 <Rule '/api/student/application/<app_id>' (OPTIONS, GET, HEAD, PATCH) -> student_routes.anapplication>,
 <Rule '/api/student/job/apply' (POST, OPTIONS) -> student_routes.applyforjob>,
 <Rule '/api/student/application/<app_id>/offer-letter' (OPTIONS, GET, HEAD) -> student_routes.downloadofferletter>,
 <Rule '/api/student/placement-letter' (OPTIONS, GET, HEAD) -> student_routes.downloadplacementletter>,
 <Rule '/api/student/resume' (OPTIONS, GET, HEAD) -> student_routes.viewresume>,
 <Rule '/api/student/export/csv' (POST, OPTIONS) -> student_routes.exportcsv>])
 * Serving Flask app 'app'
 * Debug mode: on
Address already in use
Port 5000 is in use by another program. Either identify and stop that program, or start the server with a different port.
